ARM Linker, 5.03 [Build 76] [MDK-ARM Professional]

==============================================================================

Section Cross References

    main.o(.text) refers to delay.o(.text) for delay_init
    main.o(.text) refers to misc.o(.text) for NVIC_PriorityGroupConfig
    main.o(.text) refers to usart.o(.text) for uart_init
    main.o(.text) refers to led.o(.text) for LEDInit
    main.o(.text) refers to key.o(.text) for KEYInit
    main.o(.text) refers to extiserv.o(.text) for ExtiInit
    main.o(.text) refers to userusb.o(.text) for UserUSB_Init
    main.o(.text) refers to extiserv.o(.data) for MoveDir
    system_stm32f10x.o(.text) refers to system_stm32f10x.o(.data) for SystemCoreClock
    extiserv.o(.text) refers to key.o(.text) for KEYInit
    extiserv.o(.text) refers to stm32f10x_rcc.o(.text) for RCC_APB2PeriphClockCmd
    extiserv.o(.text) refers to stm32f10x_gpio.o(.text) for GPIO_EXTILineConfig
    extiserv.o(.text) refers to stm32f10x_exti.o(.text) for EXTI_Init
    extiserv.o(.text) refers to misc.o(.text) for NVIC_Init
    extiserv.o(.text) refers to delay.o(.text) for delay_ms
    extiserv.o(.text) refers to userusb.o(.text) for UserUSB_SendByte
    extiserv.o(.text) refers to extiserv.o(.data) for MoveDir
    key.o(.text) refers to stm32f10x_rcc.o(.text) for RCC_APB2PeriphClockCmd
    key.o(.text) refers to stm32f10x_gpio.o(.text) for GPIO_Init
    key.o(.text) refers to delay.o(.text) for delay_ms
    key.o(.text) refers to key.o(.data) for key_up
    led.o(.text) refers to stm32f10x_rcc.o(.text) for RCC_APB2PeriphClockCmd
    led.o(.text) refers to stm32f10x_gpio.o(.text) for GPIO_Init
    userusb.o(.text) refers to hw_config.o(.text) for USB_Port_Set
    userusb.o(.text) refers to delay.o(.text) for delay_ms
    userusb.o(.text) refers to usb_init.o(.text) for USB_Init
    userusb.o(.text) refers to usb_pwr.o(.data) for bDeviceState
    userusb.o(.text) refers to hw_config.o(.data) for USB_USART_RX_STA
    delay.o(.text) refers to misc.o(.text) for SysTick_CLKSourceConfig
    delay.o(.text) refers to system_stm32f10x.o(.data) for SystemCoreClock
    delay.o(.text) refers to delay.o(.data) for fac_us
    usart.o(.text) refers (Special) to use_no_semi_2.o(.text) for __use_no_semihosting
    usart.o(.text) refers to stm32f10x_rcc.o(.text) for RCC_APB2PeriphClockCmd
    usart.o(.text) refers to stm32f10x_gpio.o(.text) for GPIO_Init
    usart.o(.text) refers to misc.o(.text) for NVIC_Init
    usart.o(.text) refers to stm32f10x_usart.o(.text) for USART_Init
    usart.o(.text) refers to usart.o(.data) for USART_RX_STA
    usart.o(.text) refers to usart.o(.bss) for USART_RX_BUF
    usart.o(.bss) refers (Special) to use_no_semi_2.o(.text) for __use_no_semihosting
    usart.o(.data) refers (Special) to use_no_semi_2.o(.text) for __use_no_semihosting
    startup_stm32f10x_hd.o(STACK) refers (Special) to heapauxi.o(.text) for __use_two_region_memory
    startup_stm32f10x_hd.o(HEAP) refers (Special) to heapauxi.o(.text) for __use_two_region_memory
    startup_stm32f10x_hd.o(RESET) refers (Special) to heapauxi.o(.text) for __use_two_region_memory
    startup_stm32f10x_hd.o(RESET) refers to startup_stm32f10x_hd.o(STACK) for __initial_sp
    startup_stm32f10x_hd.o(RESET) refers to startup_stm32f10x_hd.o(.text) for Reset_Handler
    startup_stm32f10x_hd.o(RESET) refers to stm32f10x_it.o(.text) for NMI_Handler
    startup_stm32f10x_hd.o(RESET) refers to extiserv.o(.text) for EXTI2_IRQHandler
    startup_stm32f10x_hd.o(RESET) refers to hw_config.o(.text) for USB_LP_CAN1_RX0_IRQHandler
    startup_stm32f10x_hd.o(RESET) refers to usart.o(.text) for USART1_IRQHandler
    startup_stm32f10x_hd.o(.text) refers (Special) to heapauxi.o(.text) for __use_two_region_memory
    startup_stm32f10x_hd.o(.text) refers to system_stm32f10x.o(.text) for SystemInit
    startup_stm32f10x_hd.o(.text) refers to __main.o(!!!main) for __main
    startup_stm32f10x_hd.o(.text) refers to startup_stm32f10x_hd.o(HEAP) for Heap_Mem
    startup_stm32f10x_hd.o(.text) refers to startup_stm32f10x_hd.o(STACK) for Stack_Mem
    stm32f10x_gpio.o(.text) refers to stm32f10x_rcc.o(.text) for RCC_APB2PeriphResetCmd
    stm32f10x_rcc.o(.text) refers to stm32f10x_rcc.o(.data) for APBAHBPrescTable
    stm32f10x_usart.o(.text) refers to stm32f10x_rcc.o(.text) for RCC_APB2PeriphResetCmd
    usb_core.o(.text) refers to usb_regs.o(.text) for ClearDTOG_TX
    usb_core.o(.text) refers to usb_init.o(.data) for pInformation
    usb_core.o(.text) refers to usb_prop.o(.data) for Device_Table
    usb_core.o(.text) refers to usb_core.o(.data) for StatusInfo
    usb_core.o(.text) refers to usb_mem.o(.text) for PMAToUserBufferCopy
    usb_core.o(.text) refers to usb_int.o(.data) for SaveRState
    usb_init.o(.text) refers to usb_init.o(.bss) for Device_Info
    usb_init.o(.text) refers to usb_init.o(.data) for pInformation
    usb_init.o(.text) refers to usb_prop.o(.data) for Device_Property
[...]
    .text                                    0x08000bc0   Section        0  misc.o(.text)
    .text                                    0x08000c9c   Section        0  stm32f10x_gpio.o(.text)
    .text                                    0x08000ff4   Section        0  stm32f10x_rcc.o(.text)
    .text                                    0x0800139c   Section        0  stm32f10x_usart.o(.text)
    .text                                    0x080017a4   Section        0  stm32f10x_exti.o(.text)
    .text                                    0x080018c0   Section        0  usb_core.o(.text)
    DataStageOut                             0x08001ca1   Thumb Code   196  usb_core.o(.text)
    DataStageIn                              0x08001d65   Thumb Code   166  usb_core.o(.text)
    NoData_Setup0                            0x08001e0b   Thumb Code   288  usb_core.o(.text)
    Data_Setup0                              0x08001f2b   Thumb Code   664  usb_core.o(.text)
    .text                                    0x080023b8   Section        0  usb_init.o(.text)
    .text                                    0x080023f4   Section        0  usb_int.o(.text)
    .text                                    0x080026f8   Section        0  usb_mem.o(.text)
    .text                                    0x08002754   Section        0  usb_regs.o(.text)
    .text                                    0x08002ef0   Section        0  usb_sil.o(.text)
    .text                                    0x08002f70   Section        0  hw_config.o(.text)
    .text                                    0x080032fc   Section        0  usb_endp.o(.text)
    .text                                    0x080033d4   Section        0  usb_istr.o(.text)
    .text                                    0x08003594   Section        0  usb_prop.o(.text)
    .text                                    0x080037d4   Section        0  usb_pwr.o(.text)
    .text                                    0x080039a4   Section        2  use_no_semi_2.o(.text)
    .text                                    0x080039a8   Section        0  c89vsprintf.o(.text)
    .text                                    0x080039cc   Section        0  __2printf.o(.text)
    .text                                    0x080039e4   Section        0  _printf_dec.o(.text)
    .text                                    0x08003a5c   Section        0  __printf_flags_ss_wp.o(.text)
    .text                                    0x08003be8   Section        0  strlen.o(.text)
    .text                                    0x08003c26   Section        0  heapauxi.o(.text)
    .text                                    0x08003c2c   Section        2  use_no_semi.o(.text)
    .text                                    0x08003c2e   Section        0  _printf_pad.o(.text)
    .text                                    0x08003c80   Section        0  _printf_truncate.o(.text)
    .text                                    0x08003ca4   Section        0  _printf_str.o(.text)
    .text                                    0x08003cf6   Section        0  _printf_intcommon.o(.text)
    .text                                    0x08003dae   Section        0  _printf_charcount.o(.text)
    .text                                    0x08003dd8   Section        0  _printf_char_common.o(.text)
    _printf_input_char                       0x08003dd9   Thumb Code    10  _printf_char_common.o(.text)
    .text                                    0x08003e08   Section        0  _sputc.o(.text)
    .text                                    0x08003e14   Section        0  _printf_char_file.o(.text)
    .text                                    0x08003e38   Section        0  _printf_wctomb.o(.text)
    .text                                    0x08003ef4   Section        0  _printf_longlong_dec.o(.text)
    .text                                    0x08003f6c   Section        0  _printf_oct_int_ll.o(.text)
    _printf_longlong_oct_internal            0x08003f6d   Thumb Code     0  _printf_oct_int_ll.o(.text)
    .text                                    0x08003fe4   Section        0  _printf_hex_int_ll_ptr.o(.text)
    _printf_hex_common                       0x08003fe5   Thumb Code     0  _printf_hex_int_ll_ptr.o(.text)
    .text                                    0x08004080   Section      138  lludiv10.o(.text)
    .text                                    0x0800410a   Section        0  _printf_fp_dec.o(.text)
    _fp_digits                               0x0800410d   Thumb Code   426  _printf_fp_dec.o(.text)
    .text                                    0x0800452a   Section        0  _printf_char.o(.text)
    .text                                    0x08004556   Section        0  _printf_wchar.o(.text)
    .text                                    0x08004582   Section        0  ferror.o(.text)
    .text                                    0x0800458a   Section        0  _wcrtomb.o(.text)
    .text                                    0x080045ca   Section       74  sys_stackheap_outer.o(.text)
    .text                                    0x08004614   Section       16  rt_ctype_table.o(.text)
    .text                                    0x08004624   Section        8  rt_locale_intlibspace.o(.text)
    .text                                    0x0800462c   Section        0  _printf_fp_infnan.o(.text)
    .text                                    0x080046ac   Section        0  bigflt0.o(.text)
    .text                                    0x08004790   Section        0  exit.o(.text)
    .text                                    0x0800479c   Section        8  libspace.o(.text)
    .text                                    0x080047a4   Section      128  strcmpv7m.o(.text)
    CL$$btod_d2e                             0x08004824   Section       62  btod.o(CL$$btod_d2e)
    CL$$btod_d2e_denorm_low                  0x08004862   Section       70  btod.o(CL$$btod_d2e_denorm_low)
    CL$$btod_d2e_norm_op1                    0x080048a8   Section       96  btod.o(CL$$btod_d2e_norm_op1)
    CL$$btod_div_common                      0x08004908   Section      824  btod.o(CL$$btod_div_common)
    CL$$btod_e2e                             0x08004c40   Section      198  btod.o(CL$$btod_e2e)
    CL$$btod_ediv                            0x08004d06   Section       40  btod.o(CL$$btod_ediv)
    CL$$btod_emul                            0x08004d2e   Section       40  btod.o(CL$$btod_emul)
    CL$$btod_mult_common                     0x08004d56   Section      580  btod.o(CL$$btod_mult_common)
    i.__ARM_fpclassify                       0x08004f9a   Section        0  fpclassify.o(i.__ARM_fpclassify)
    i._is_digit                              0x08004fc2   Section        0  __printf_wp.o(i._is_digit)
    locale$$code                             0x08004fd0   Section       44  lc_numeric_c.o(locale$$code)
    locale$$code                             0x08004ffc   Section       44  lc_ctype_c.o(locale$$code)
    x$fpl$printf1                            0x08005028   Section        4  printf1.o(x$fpl$printf1)
    .constdata                               0x0800502c   Section      177  usb_desc.o(.constdata)
    x$fpl$usenofp                            0x0800502c   Section        0  usenofp.o(x$fpl$usenofp)
    .constdata                               0x080050dd   Section       17  __printf_flags_ss_wp.o(.constdata)
    maptable                                 0x080050dd   Data          17  __printf_flags_ss_wp.o(.constdata)
    .constdata                               0x080050f0   Section        8  _printf_wctomb.o(.constdata)
    initial_mbstate                          0x080050f0   Data           8  _printf_wctomb.o(.constdata)
    .constdata                               0x080050f8   Section       40  _printf_hex_int_ll_ptr.o(.constdata)
    uc_hextab                                0x080050f8   Data          20  _printf_hex_int_ll_ptr.o(.constdata)
    lc_hextab                                0x0800510c   Data          20  _printf_hex_int_ll_ptr.o(.constdata)
    .constdata                               0x08005120   Section      148  bigflt0.o(.constdata)
    tenpwrs_x                                0x08005120   Data          60  bigflt0.o(.constdata)
    tenpwrs_i                                0x0800515c   Data          64  bigflt0.o(.constdata)
    locale$$data                             0x080051d4   Section       28  lc_numeric_c.o(locale$$data)
    __lcnum_c_name                           0x080051d8   Data           2  lc_numeric_c.o(locale$$data)
    __lcnum_c_start                          0x080051e0   Data           0  lc_numeric_c.o(locale$$data)
    __lcnum_c_point                          0x080051ec   Data           0  lc_numeric_c.o(locale$$data)
    __lcnum_c_thousands                      0x080051ee   Data           0  lc_numeric_c.o(locale$$data)
    __lcnum_c_grouping                       0x080051ef   Data           0  lc_numeric_c.o(locale$$data)
    locale$$data                             0x080051f0   Section      272  lc_ctype_c.o(locale$$data)
    __lcnum_c_end                            0x080051f0   Data           0  lc_numeric_c.o(locale$$data)
    __lcctype_c_name                         0x080051f4   Data           2  lc_ctype_c.o(locale$$data)
    __lcctype_c_start                        0x080051fc   Data           0  lc_ctype_c.o(locale$$data)
    __lcctype_c_end                          0x08005300   Data           0  lc_ctype_c.o(locale$$data)
    .data                                    0x20000000   Section       20  system_stm32f10x.o(.data)
    .data                                    0x20000014   Section        2  extiserv.o(.data)
    .data                                    0x20000016   Section        1  key.o(.data)
    key_up                                   0x20000016   Data           1  key.o(.data)
    .data                                    0x20000018   Section        4  delay.o(.data)
    fac_us                                   0x20000018   Data           1  delay.o(.data)
    fac_ms                                   0x2000001a   Data           2  delay.o(.data)
    .data                                    0x2000001c   Section        8  usart.o(.data)
    .data                                    0x20000024   Section       20  stm32f10x_rcc.o(.data)
    APBAHBPrescTable                         0x20000024   Data          16  stm32f10x_rcc.o(.data)
    ADCPrescTable                            0x20000034   Data           4  stm32f10x_rcc.o(.data)
    .data                                    0x20000038   Section        4  usb_core.o(.data)
    .data                                    0x2000003c   Section       20  usb_init.o(.data)
    .data                                    0x20000050   Section        4  usb_int.o(.data)
    .data                                    0x20000054   Section        2  hw_config.o(.data)
    .data                                    0x20000056   Section       26  usb_desc.o(.data)
    .data                                    0x20000070   Section        4  usb_endp.o(.data)
    FrameCount                               0x20000070   Data           4  usb_endp.o(.data)
    .data                                    0x20000074   Section       70  usb_istr.o(.data)
    .data                                    0x200000bc   Section      148  usb_prop.o(.data)
    .data                                    0x20000150   Section       14  usb_pwr.o(.data)
    .bss                                     0x20000160   Section      200  usart.o(.bss)
    .bss                                     0x20000228   Section       28  usb_init.o(.bss)
    .bss                                     0x20000244   Section     1428  hw_config.o(.bss)
    .bss                                     0x200007d8   Section       64  usb_endp.o(.bss)
    .bss                                     0x20000818   Section       32  usb_pwr.o(.bss)
    .bss                                     0x20000838   Section       96  libspace.o(.bss)
    HEAP                                     0x20000898   Section      512  startup_stm32f10x_hd.o(HEAP)
    Heap_Mem                                 0x20000898   Data         512  startup_stm32f10x_hd.o(HEAP)
    STACK                                    0x20000a98   Section     1024  startup_stm32f10x_hd.o(STACK)
    Stack_Mem                                0x20000a98   Data        1024  startup_stm32f10x_hd.o(STACK)
    __initial_sp                             0x20000e98   Data           0  startup_stm32f10x_hd.o(STACK)

    Global Symbols

    Symbol Name                              Value     Ov Type        Size  Object(Section)

    BuildAttributes$$THM_ISAv4$P$D$K$B$S$PE$A:L22UL41UL21$X:L11$S22US41US21$IEEE1$IW$USESV6$~STKCKD$USESV7$~SHL$OTIME$ROPI$IEEEJ$EBA8$UX$STANDARDLIB$REQ8$PRES8$EABIv2 0x00000000   Number         0  anon$$obj.o ABSOLUTE
    __ARM_use_no_argv                        0x00000000   Number         0  main.o ABSOLUTE
    _printf_flags                            0x00000000   Number         0  printf_stubs.o ABSOLUTE
    _printf_return_value                     0x00000000   Number         0  printf_stubs.o ABSOLUTE
    _printf_sizespec                         0x00000000   Number         0  printf_stubs.o ABSOLUTE
    _printf_widthprec                        0x00000000   Number         0  printf_stubs.o ABSOLUTE
    __ARM_exceptions_init                     - Undefined Weak Reference
    __alloca_initialize                       - Undefined Weak Reference
    __cpp_initialize__aeabi_                  - Undefined Weak Reference
    __cxa_finalize                            - Undefined Weak Reference
    __sigvec_lookup                           - Undefined Weak Reference
    _atexit_init                              - Undefined Weak Reference
    _call_atexit_fns                          - Undefined Weak Reference
    _clock_init                               - Undefined Weak Reference
    _fp_trap_init                             - Undefined Weak Reference
    _fp_trap_shutdown                         - Undefined Weak Reference
    _get_lc_collate                           - Undefined Weak Reference
    _get_lc_monetary                          - Undefined Weak Reference
    _get_lc_time                              - Undefined Weak Reference
    _getenv_init                              - Undefined Weak Reference
    _handle_redirection                       - Undefined Weak Reference
    _init_alloc                               - Undefined Weak Reference
    _init_user_alloc                          - Undefined Weak Reference
    _initio                                   - Undefined Weak Reference
    _mutex_acquire                            - Undefined Weak Reference
    _mutex_release                            - Undefined Weak Reference
    _printf_fp_hex                            - Undefined Weak Reference
    _printf_mbtowc                            - Undefined Weak Reference
    _printf_wc                                - Undefined Weak Reference
    _rand_init                                - Undefined Weak Reference
    _signal_finish                            - Undefined Weak Reference
    _signal_init                              - Undefined Weak Reference
    _terminate_alloc                          - Undefined Weak Reference
    _terminate_user_alloc                     - Undefined Weak Reference
    _terminateio                              - Undefined Weak Reference
    __Vectors_Size                           0x00000130   Number         0  startup_stm32f10x_hd.o ABSOLUTE
    __Vectors                                0x08000000   Data           4  startup_stm32f10x_hd.o(RESET)
    __Vectors_End                            0x08000130   Data           0  startup_stm32f10x_hd.o(RESET)
    __main                                   0x08000131   Thumb Code     8  __main.o(!!!main)
    __scatterload                            0x08000139   Thumb Code     0  __scatter.o(!!!scatter)
    __scatterload_rt2                        0x08000139   Thumb Code    44  __scatter.o(!!!scatter)
    __scatterload_rt2_thumb_only             0x08000139   Thumb Code     0  __scatter.o(!!!scatter)
    __scatterload_null                       0x08000147   Thumb Code     0  __scatter.o(!!!scatter)
    __decompress                             0x0800016d   Thumb Code    90  __dczerorl2.o(!!dczerorl2)
    __decompress1                            0x0800016d   Thumb Code     0  __dczerorl2.o(!!dczerorl2)
    __scatterload_zeroinit                   0x080001c9   Thumb Code    28  __scatter_zi.o(!!handler_zi)
    _printf_n                                0x080001e5   Thumb Code     0  _printf_n.o(.ARM.Collect$$_printf_percent$$00000001)
    _printf_percent                          0x080001e5   Thumb Code     0  _printf_percent.o(.ARM.Collect$$_printf_percent$$00000000)
    _printf_p                                0x080001eb   Thumb Code     0  _printf_p.o(.ARM.Collect$$_printf_percent$$00000002)
    _printf_f                                0x080001f1   Thumb Code     0  _printf_f.o(.ARM.Collect$$_printf_percent$$00000003)
    _printf_e                                0x080001f7   Thumb Code     0  _printf_e.o(.ARM.Collect$$_printf_percent$$00000004)
    _printf_g                                0x080001fd   Thumb Code     0  _printf_g.o(.ARM.Collect$$_printf_percent$$00000005)
    _printf_a                                0x08000203   Thumb Code     0  _printf_a.o(.ARM.Collect$$_printf_percent$$00000006)
    _printf_ll                               0x08000209   Thumb Code     0  _printf_ll.o(.ARM.Collect$$_printf_percent$$00000007)
    _printf_i                                0x08000213   Thumb Code     0  _printf_i.o(.ARM.Collect$$_printf_percent$$00000008)
    _printf_d                                0x08000219   Thumb Code     0  _printf_d.o(.ARM.Collect$$_printf_percent$$00000009)
    _printf_u                                0x0800021f   Thumb Code     0  _printf_u.o(.ARM.Collect$$_printf_percent$$0000000A)
    _printf_o                                0x08000225   Thumb Code     0  _printf_o.o(.ARM.Collect$$_printf_percent$$0000000B)
    _printf_x                                0x0800022b   Thumb Code     0  _printf_x.o(.ARM.Collect$$_printf_percent$$0000000C)
    _printf_lli                              0x08000231   Thumb Code     0  _printf_lli.o(.ARM.Collect$$_printf_percent$$0000000D)
    _printf_lld                              0x08000237   Thumb Code     0  _printf_lld.o(.ARM.Collect$$_printf_percent$$0000000E)
    _printf_llu                              0x0800023d   Thumb Code     0  _printf_llu.o(.ARM.Collect$$_printf_percent$$0000000F)
    _printf_llo                              0x08000243   Thumb Code     0  _printf_llo.o(.ARM.Collect$$_printf_percent$$00000010)
    _printf_llx                              0x08000249   Thumb Code     0  _printf_llx.o(.ARM.Collect$$_printf_percent$$00000011)
    _printf_l                                0x0800024f   Thumb Code     0  _printf_l.o(.ARM.Collect$$_printf_percent$$00000012)
    _printf_c                                0x08000259   Thumb Code     0  _printf_c.o(.ARM.Collect$$_printf_percent$$00000013)
    _printf_s                                0x0800025f   Thumb Code     0  _printf_s.o(.ARM.Collect$$_printf_percent$$00000014)
    _printf_lc                               0x08000265   Thumb Code     0  _printf_lc.o(.ARM.Collect$$_printf_percent$$00000015)
    _printf_ls                               0x0800026b   Thumb Code     0  _printf_ls.o(.ARM.Collect$$_printf_percent$$00000016)
    _printf_percent_end                      0x08000271   Thumb Code     0  _printf_percent_end.o(.ARM.Collect$$_printf_percent$$00000017)
    __rt_lib_init                            0x08000275   Thumb Code     0  libinit.o(.ARM.Collect$$libinit$$00000000)
    __rt_lib_init_fp_1                       0x08000277   Thumb Code     0  libinit2.o(.ARM.Collect$$libinit$$00000002)
    __rt_lib_init_heap_1                     0x08000277   Thumb Code     0  libinit2.o(.ARM.Collect$$libinit$$00000008)
    __rt_lib_init_lc_common                  0x08000277   Thumb Code     0  libinit2.o(.ARM.Collect$$libinit$$0000000D)
    __rt_lib_init_rand_1                     0x08000277   Thumb Code     0  libinit2.o(.ARM.Collect$$libinit$$0000000C)
    __rt_lib_init_user_alloc_1               0x08000277   Thumb Code     0  libinit2.o(.ARM.Collect$$libinit$$0000000A)
    __rt_lib_init_lc_collate_1               0x0800027d   Thumb Code     0  libinit2.o(.ARM.Collect$$libinit$$0000000F)
    __rt_lib_init_lc_ctype_2                 0x0800027d   Thumb Code     0  libinit2.o(.ARM.Collect$$libinit$$00000010)
    __rt_lib_init_lc_ctype_1                 0x08000289   Thumb Code     0  libinit2.o(.ARM.Collect$$libinit$$00000011)
    __rt_lib_init_lc_monetary_1              0x08000289   Thumb Code     0  libinit2.o(.ARM.Collect$$libinit$$00000013)
    __rt_lib_init_lc_numeric_2               0x08000289   Thumb Code     0  libinit2.o(.ARM.Collect$$libinit$$00000014)
    __rt_lib_init_alloca_1                   0x08000293   Thumb Code     0  libinit2.o(.ARM.Collect$$libinit$$0000002C)
    __rt_lib_init_argv_1                     0x08000293   Thumb Code     0  libinit2.o(.ARM.Collect$$libinit$$0000002A)
    __rt_lib_init_atexit_1                   0x08000293   Thumb Code     0  libinit2.o(.ARM.Collect$$libinit$$00000019)
    __rt_lib_init_clock_1                    0x08000293   Thumb Code     0  libinit2.o(.ARM.Collect$$libinit$$0000001F)
    __rt_lib_init_cpp_1                      0x08000293   Thumb Code     0  libinit2.o(.ARM.Collect$$libinit$$00000030)
    __rt_lib_init_exceptions_1               0x08000293   Thumb Code     0  libinit2.o(.ARM.Collect$$libinit$$0000002E)
    __rt_lib_init_fp_trap_1                  0x08000293   Thumb Code     0  libinit2.o(.ARM.Collect$$libinit$$0000001D)
    __rt_lib_init_getenv_1                   0x08000293   Thumb Code     0  libinit2.o(.ARM.Collect$$libinit$$00000021)
    __rt_lib_init_lc_numeric_1               0x08000293   Thumb Code     0  libinit2.o(.ARM.Collect$$libinit$$00000015)
    __rt_lib_init_lc_time_1                  0x08000293   Thumb Code     0  libinit2.o(.ARM.Collect$$libinit$$00000017)
    __rt_lib_init_return                     0x08000293   Thumb Code     0  libinit2.o(.ARM.Collect$$libinit$$00000031)
    __rt_lib_init_signal_1                   0x08000293   Thumb Code     0  libinit2.o(.ARM.Collect$$libinit$$0000001B)
    __rt_lib_init_stdio_1                    0x08000293   Thumb Code     0  libinit2.o(.ARM.Collect$$libinit$$00000023)
    __rt_lib_shutdown                        0x08000295   Thumb Code     0  libshutdown.o(.ARM.Collect$$libshutdown$$00000000)
    __rt_lib_shutdown_fp_trap_1              0x08000297   Thumb Code     0  libshutdown2.o(.ARM.Collect$$libshutdown$$00000006)
    __rt_lib_shutdown_heap_1                 0x08000297   Thumb Code     0  libshutdown2.o(.ARM.Collect$$libshutdown$$0000000E)
    __rt_lib_shutdown_return                 0x08000297   Thumb Code     0  libshutdown2.o(.ARM.Collect$$libshutdown$$0000000F)
    __rt_lib_shutdown_signal_1               0x08000297   Thumb Code     0  libshutdown2.o(.ARM.Collect$$libshutdown$$00000009)
    __rt_lib_shutdown_stdio_1                0x08000297   Thumb Code     0  libshutdown2.o(.ARM.Collect$$libshutdown$$00000003)
    __rt_lib_shutdown_user_alloc_1           0x08000297   Thumb Code     0  libshutdown2.o(.ARM.Collect$$libshutdown$$0000000B)
    __rt_entry                               0x08000299   Thumb Code     0  rtentry.o(.ARM.Collect$$rtentry$$00000000)
    __rt_entry_presh_1                       0x08000299   Thumb Code     0  rtentry2.o(.ARM.Collect$$rtentry$$00000002)
    __rt_entry_sh                            0x08000299   Thumb Code     0  rtentry4.o(.ARM.Collect$$rtentry$$00000004)
    __rt_entry_li                            0x0800029f   Thumb Code     0  rtentry2.o(.ARM.Collect$$rtentry$$0000000A)
    __rt_entry_postsh_1                      0x0800029f   Thumb Code     0  rtentry2.o(.ARM.Collect$$rtentry$$00000009)
    __rt_entry_main                          0x080002a3   Thumb Code     0  rtentry2.o(.ARM.Collect$$rtentry$$0000000D)
    __rt_entry_postli_1                      0x080002a3   Thumb Code     0  rtentry2.o(.ARM.Collect$$rtentry$$0000000C)
    __rt_exit                                0x080002ab   Thumb Code     0  rtexit.o(.ARM.Collect$$rtexit$$00000000)
    __rt_exit_ls                             0x080002ad   Thumb Code     0  rtexit2.o(.ARM.Collect$$rtexit$$00000003)
    __rt_exit_prels_1                        0x080002ad   Thumb Code     0  rtexit2.o(.ARM.Collect$$rtexit$$00000002)
    __rt_exit_exit                           0x080002b1   Thumb Code     0  rtexit2.o(.ARM.Collect$$rtexit$$00000004)
    main                                     0x080002b9   Thumb Code   120  main.o(.text)
    NMI_Handler                              0x08000339   Thumb Code     2  stm32f10x_it.o(.text)
    HardFault_Handler                        0x0800033b   Thumb Code     4  stm32f10x_it.o(.text)
    MemManage_Handler                        0x0800033f   Thumb Code     4  stm32f10x_it.o(.text)
    BusFault_Handler                         0x08000343   Thumb Code     4  stm32f10x_it.o(.text)
    UsageFault_Handler                       0x08000347   Thumb Code     4  stm32f10x_it.o(.text)
    SVC_Handler                              0x0800034b   Thumb Code     2  stm32f10x_it.o(.text)
    DebugMon_Handler                         0x0800034d   Thumb Code     2  stm32f10x_it.o(.text)
    PendSV_Handler                           0x0800034f   Thumb Code     2  stm32f10x_it.o(.text)
    SysTick_Handler                          0x08000351   Thumb Code     2  stm32f10x_it.o(.text)
    SystemInit                               0x08000431   Thumb Code    78  system_stm32f10x.o(.text)
    SystemCoreClockUpdate                    0x0800047f   Thumb Code   142  system_stm32f10x.o(.text)
    ExtiInit                                 0x08000535   Thumb Code   226  extiserv.o(.text)
    EXTI2_IRQHandler                         0x08000617   Thumb Code    40  extiserv.o(.text)
    EXTI3_IRQHandler                         0x0800063f   Thumb Code    42  extiserv.o(.text)
    EXTI9_5_IRQHandler                       0x08000669   Thumb Code   134  extiserv.o(.text)
    KEYInit                                  0x08000701   Thumb Code    54  key.o(.text)
    KEYScan                                  0x08000737   Thumb Code   204  key.o(.text)
    LEDInit                                  0x08000811   Thumb Code    82  led.o(.text)
    LEDCtrl                                  0x08000863   Thumb Code   112  led.o(.text)
    UserUSB_Init                             0x08000901   Thumb Code    44  userusb.o(.text)
    UserUSB_LinkStateCheck                   0x0800092d   Thumb Code    20  userusb.o(.text)
    UserUSB_RecDate                          0x08000941   Thumb Code    28  userusb.o(.text)
    UserUSB_SendByte                         0x0800095d   Thumb Code    12  userusb.o(.text)
    delay_init                               0x08000971   Thumb Code    50  delay.o(.text)
    delay_us                                 0x080009a3   Thumb Code    70  delay.o(.text)
    delay_ms                                 0x080009e9   Thumb Code    70  delay.o(.text)
    _sys_exit                                0x08000a41   Thumb Code     6  usart.o(.text)
    fputc                                    0x08000a47   Thumb Code    22  usart.o(.text)
    uart_init                                0x08000a5d   Thumb Code   152  usart.o(.text)
    USART1_IRQHandler                        0x08000af5   Thumb Code   122  usart.o(.text)
    Reset_Handler                            0x08000b81   Thumb Code     8  startup_stm32f10x_hd.o(.text)
    ADC1_2_IRQHandler                        0x08000b9b   Thumb Code     0  startup_stm32f10x_hd.o(.text)
    ADC3_IRQHandler                          0x08000b9b   Thumb Code     0  startup_stm32f10x_hd.o(.text)
    CAN1_RX1_IRQHandler                      0x08000b9b   Thumb Code     0  startup_stm32f10x_hd.o(.text)
    CAN1_SCE_IRQHandler                      0x08000b9b   Thumb Code     0  startup_stm32f10x_hd.o(.text)
    DMA1_Channel1_IRQHandler                 0x08000b9b   Thumb Code     0  startup_stm32f10x_hd.o(.text)
    DMA1_Channel2_IRQHandler                 0x08000b9b   Thumb Code     0  startup_stm32f10x_hd.o(.text)
    DMA1_Channel3_IRQHandler                 0x08000b9b   Thumb Code     0  startup_stm32f10x_hd.o(.text)
    DMA1_Channel4_IRQHandler                 0x08000b9b   Thumb Code     0  startup_stm32f10x_hd.o(.text)
    DMA1_Channel5_IRQHandler                 0x08000b9b   Thumb Code     0  startup_stm32f10x_hd.o(.text)
    DMA1_Channel6_IRQHandler                 0x08000b9b   Thumb Code     0  startup_stm32f10x_hd.o(.text)
    DMA1_Channel7_IRQHandler                 0x08000b9b   Thumb Code     0  startup_stm32f10x_hd.o(.text)
    DMA2_Channel1_IRQHandler                 0x08000b9b   Thumb Code     0  startup_stm32f10x_hd.o(.text)
    DMA2_Channel2_IRQHandler                 0x08000b9b   Thumb Code     0  startup_stm32f10x_hd.o(.text)
    DMA2_Channel3_IRQHandler                 0x08000b9b   Thumb Code     0  startup_stm32f10x_hd.o(.text)
    DMA2_Channel4_5_IRQHandler               0x08000b9b   Thumb Code     0  startup_stm32f10x_hd.o(.text)
    EXTI0_IRQHandler                         0x08000b9b   Thumb Code     0  startup_stm32f10x_hd.o(.text)
    EXTI15_10_IRQHandler                     0x08000b9b   Thumb Code     0  startup_stm32f10x_hd.o(.text)
    EXTI1_IRQHandler                         0x08000b9b   Thumb Code     0  startup_stm32f10x_hd.o(.text)
    EXTI4_IRQHandler                         0x08000b9b   Thumb Code     0  startup_stm32f10x_hd.o(.text)
    FLASH_IRQHandler                         0x08000b9b   Thumb Code     0  startup_stm32f10x_hd.o(.text)
    FSMC_IRQHandler                          0x08000b9b   Thumb Code     0  startup_stm32f10x_hd.o(.text)
    I2C1_ER_IRQHandler                       0x08000b9b   Thumb Code     0  startup_stm32f10x_hd.o(.text)
    I2C1_EV_IRQHandler                       0x08000b9b   Thumb Code     0  startup_stm32f10x_hd.o(.text)
    I2C2_ER_IRQHandler                       0x08000b9b   Thumb Code     0  startup_stm32f10x_hd.o(.text)
    I2C2_EV_IRQHandler                       0x08000b9b   Thumb Code     0  startup_stm32f10x_hd.o(.text)
    PVD_IRQHandler                           0x08000b9b   Thumb Code     0  startup_stm32f10x_hd.o(.text)
    RCC_IRQHandler                           0x08000b9b   Thumb Code     0  startup_stm32f10x_hd.o(.text)
    RTCAlarm_IRQHandler                      0x08000b9b   Thumb Code     0  startup_stm32f10x_hd.o(.text)
    RTC_IRQHandler                           0x08000b9b   Thumb Code     0  startup_stm32f10x_hd.o(.text)
    SDIO_IRQHandler                          0x08000b9b   Thumb Code     0  startup_stm32f10x_hd.o(.text)
    SPI1_IRQHandler                          0x08000b9b   Thumb Code     0  startup_stm32f10x_hd.o(.text)
    SPI2_IRQHandler                          0x08000b9b   Thumb Code     0  startup_stm32f10x_hd.o(.text)
    SPI3_IRQHandler                          0x08000b9b   Thumb Code     0  startup_stm32f10x_hd.o(.text)
    TAMPER_IRQHandler                        0x08000b9b   Thumb Code     0  startup_stm32f10x_hd.o(.text)
    TIM1_BRK_IRQHandler                      0x08000b9b   Thumb Code     0  startup_stm32f10x_hd.o(.text)
    TIM1_CC_IRQHandler                       0x08000b9b   Thumb Code     0  startup_stm32f10x_hd.o(.text)
    TIM1_TRG_COM_IRQHandler                  0x08000b9b   Thumb Code     0  startup_stm32f10x_hd.o(.text)
    TIM1_UP_IRQHandler                       0x08000b9b   Thumb Code     0  startup_stm32f10x_hd.o(.text)
    TIM2_IRQHandler                          0x08000b9b   Thumb Code     0  startup_stm32f10x_hd.o(.text)
    TIM3_IRQHandler                          0x08000b9b   Thumb Code     0  startup_stm32f10x_hd.o(.text)
    TIM4_IRQHandler                          0x08000b9b   Thumb Code     0  startup_stm32f10x_hd.o(.text)
    TIM5_IRQHandler                          0x08000b9b   Thumb Code     0  startup_stm32f10x_hd.o(.text)
    TIM6_IRQHandler                          0x08000b9b   Thumb Code     0  startup_stm32f10x_hd.o(.text)
    TIM7_IRQHandler                          0x08000b9b   Thumb Code     0  startup_stm32f10x_hd.o(.text)
    TIM8_BRK_IRQHandler                      0x08000b9b   Thumb Code     0  startup_stm32f10x_hd.o(.text)
    TIM8_CC_IRQHandler                       0x08000b9b   Thumb Code     0  startup_stm32f10x_hd.o(.text)
    TIM8_TRG_COM_IRQHandler                  0x08000b9b   Thumb Code     0  startup_stm32f10x_hd.o(.text)
    TIM8_UP_IRQHandler                       0x08000b9b   Thumb Code     0  startup_stm32f10x_hd.o(.text)
    UART4_IRQHandler                         0x08000b9b   Thumb Code     0  startup_stm32f10x_hd.o(.text)
    UART5_IRQHandler                         0x08000b9b   Thumb Code     0  startup_stm32f10x_hd.o(.text)
    USART2_IRQHandler                        0x08000b9b   Thumb Code     0  startup_stm32f10x_hd.o(.text)
    USART3_IRQHandler                        0x08000b9b   Thumb Code     0  startup_stm32f10x_hd.o(.text)
    USB_HP_CAN1_TX_IRQHandler                0x08000b9b   Thumb Code     0  startup_stm32f10x_hd.o(.text)
    WWDG_IRQHandler                          0x08000b9b   Thumb Code     0  startup_stm32f10x_hd.o(.text)
    __user_initial_stackheap                 0x08000b9d   Thumb Code     0  startup_stm32f10x_hd.o(.text)
    NVIC_PriorityGroupConfig                 0x08000bc1   Thumb Code    10  misc.o(.text)
    NVIC_Init                                0x08000bcb   Thumb Code   102  misc.o(.text)
    NVIC_SetVectorTable                      0x08000c31   Thumb Code    14  misc.o(.text)
    NVIC_SystemLPConfig                      0x08000c3f   Thumb Code    34  misc.o(.text)
    SysTick_CLKSourceConfig                  0x08000c61   Thumb Code    40  misc.o(.text)
    GPIO_DeInit                              0x08000c9d   Thumb Code   172  stm32f10x_gpio.o(.text)
    GPIO_AFIODeInit                          0x08000d49   Thumb Code    20  stm32f10x_gpio.o(.text)
    GPIO_Init                                0x08000d5d   Thumb Code   274  stm32f10x_gpio.o(.text)
    GPIO_StructInit                          0x08000e6f   Thumb Code    16  stm32f10x_gpio.o(.text)
    GPIO_ReadInputDataBit                    0x08000e7f   Thumb Code    18  stm32f10x_gpio.o(.text)
    GPIO_ReadInputData                       0x08000e91   Thumb Code     8  stm32f10x_gpio.o(.text)
    GPIO_ReadOutputDataBit                   0x08000e99   Thumb Code    18  stm32f10x_gpio.o(.text)
    GPIO_ReadOutputData                      0x08000eab   Thumb Code     8  stm32f10x_gpio.o(.text)
    GPIO_SetBits                             0x08000eb3   Thumb Code     4  stm32f10x_gpio.o(.text)
    GPIO_ResetBits                           0x08000eb7   Thumb Code     4  stm32f10x_gpio.o(.text)
    GPIO_WriteBit                            0x08000ebb   Thumb Code    10  stm32f10x_gpio.o(.text)
    GPIO_Write                               0x08000ec5   Thumb Code     4  stm32f10x_gpio.o(.text)
    GPIO_PinLockConfig                       0x08000ec9   Thumb Code    18  stm32f10x_gpio.o(.text)
    GPIO_EventOutputConfig                   0x08000edb   Thumb Code    26  stm32f10x_gpio.o(.text)
    GPIO_EventOutputCmd                      0x08000ef5   Thumb Code     6  stm32f10x_gpio.o(.text)
    GPIO_PinRemapConfig                      0x08000efb   Thumb Code   138  stm32f10x_gpio.o(.text)
    GPIO_EXTILineConfig                      0x08000f85   Thumb Code    66  stm32f10x_gpio.o(.text)
    GPIO_ETH_MediaInterfaceConfig            0x08000fc7   Thumb Code     6  stm32f10x_gpio.o(.text)
    RCC_DeInit                               0x08000ff5   Thumb Code    64  stm32f10x_rcc.o(.text)
    RCC_HSEConfig                            0x08001035   Thumb Code    70  stm32f10x_rcc.o(.text)
    RCC_GetFlagStatus                        0x0800107b   Thumb Code    56  stm32f10x_rcc.o(.text)
    RCC_WaitForHSEStartUp                    0x080010b3   Thumb Code    56  stm32f10x_rcc.o(.text)
    RCC_AdjustHSICalibrationValue            0x080010eb   Thumb Code    20  stm32f10x_rcc.o(.text)
    RCC_HSICmd                               0x080010ff   Thumb Code     6  stm32f10x_rcc.o(.text)
    RCC_PLLConfig                            0x08001105   Thumb Code    24  stm32f10x_rcc.o(.text)
    RCC_PLLCmd                               0x0800111d   Thumb Code     6  stm32f10x_rcc.o(.text)
    RCC_SYSCLKConfig                         0x08001123   Thumb Code    18  stm32f10x_rcc.o(.text)
    RCC_GetSYSCLKSource                      0x08001135   Thumb Code    10  stm32f10x_rcc.o(.text)
    RCC_HCLKConfig                           0x0800113f   Thumb Code    18  stm32f10x_rcc.o(.text)
    RCC_PCLK1Config                          0x08001151   Thumb Code    18  stm32f10x_rcc.o(.text)
    RCC_PCLK2Config                          0x08001163   Thumb Code    20  stm32f10x_rcc.o(.text)
    RCC_ITConfig                             0x08001177   Thumb Code    26  stm32f10x_rcc.o(.text)
    RCC_USBCLKConfig                         0x08001191   Thumb Code     6  stm32f10x_rcc.o(.text)
    RCC_ADCCLKConfig                         0x08001197   Thumb Code    18  stm32f10x_rcc.o(.text)
    RCC_LSEConfig                            0x080011a9   Thumb Code    44  stm32f10x_rcc.o(.text)
    RCC_LSICmd                               0x080011d5   Thumb Code     6  stm32f10x_rcc.o(.text)
    RCC_RTCCLKConfig                         0x080011db   Thumb Code    12  stm32f10x_rcc.o(.text)
    RCC_RTCCLKCmd                            0x080011e7   Thumb Code     8  stm32f10x_rcc.o(.text)
    RCC_GetClocksFreq                        0x080011ef   Thumb Code   192  stm32f10x_rcc.o(.text)
    RCC_AHBPeriphClockCmd                    0x080012af   Thumb Code    26  stm32f10x_rcc.o(.text)
    RCC_APB2PeriphClockCmd                   0x080012c9   Thumb Code    26  stm32f10x_rcc.o(.text)
    RCC_APB1PeriphClockCmd                   0x080012e3   Thumb Code    26  stm32f10x_rcc.o(.text)
    RCC_APB2PeriphResetCmd                   0x080012fd   Thumb Code    26  stm32f10x_rcc.o(.text)
    RCC_APB1PeriphResetCmd                   0x08001317   Thumb Code    26  stm32f10x_rcc.o(.text)
    RCC_BackupResetCmd                       0x08001331   Thumb Code     8  stm32f10x_rcc.o(.text)
    RCC_ClockSecuritySystemCmd               0x08001339   Thumb Code     6  stm32f10x_rcc.o(.text)
    RCC_MCOConfig                            0x0800133f   Thumb Code     6  stm32f10x_rcc.o(.text)
    RCC_ClearFlag                            0x08001345   Thumb Code    14  stm32f10x_rcc.o(.text)
    RCC_GetITStatus                          0x08001353   Thumb Code    20  stm32f10x_rcc.o(.text)
    RCC_ClearITPendingBit                    0x08001367   Thumb Code     6  stm32f10x_rcc.o(.text)
    USART_DeInit                             0x0800139d   Thumb Code   134  stm32f10x_usart.o(.text)
    USART_Init                               0x08001423   Thumb Code   210  stm32f10x_usart.o(.text)
    USART_StructInit                         0x080014f5   Thumb Code    24  stm32f10x_usart.o(.text)
    USART_ClockInit                          0x0800150d   Thumb Code    34  stm32f10x_usart.o(.text)
    USART_ClockStructInit                    0x0800152f   Thumb Code    12  stm32f10x_usart.o(.text)
    USART_Cmd                                0x0800153b   Thumb Code    24  stm32f10x_usart.o(.text)
    USART_ITConfig                           0x08001553   Thumb Code    74  stm32f10x_usart.o(.text)
    USART_DMACmd                             0x0800159d   Thumb Code    18  stm32f10x_usart.o(.text)
    USART_SetAddress                         0x080015af   Thumb Code    18  stm32f10x_usart.o(.text)
    USART_WakeUpConfig                       0x080015c1   Thumb Code    18  stm32f10x_usart.o(.text)
    USART_ReceiverWakeUpCmd                  0x080015d3   Thumb Code    24  stm32f10x_usart.o(.text)
    USART_LINBreakDetectLengthConfig         0x080015eb   Thumb Code    18  stm32f10x_usart.o(.text)
    USART_LINCmd                             0x080015fd   Thumb Code    24  stm32f10x_usart.o(.text)
    USART_SendData                           0x08001615   Thumb Code     8  stm32f10x_usart.o(.text)
    USART_ReceiveData                        0x0800161d   Thumb Code    10  stm32f10x_usart.o(.text)
    USART_SendBreak                          0x08001627   Thumb Code    10  stm32f10x_usart.o(.text)
    USART_SetGuardTime                       0x08001631   Thumb Code    16  stm32f10x_usart.o(.text)
    USART_SetPrescaler                       0x08001641   Thumb Code    16  stm32f10x_usart.o(.text)
    USART_SmartCardCmd                       0x08001651   Thumb Code    24  stm32f10x_usart.o(.text)
    USART_SmartCardNACKCmd                   0x08001669   Thumb Code    24  stm32f10x_usart.o(.text)
    USART_HalfDuplexCmd                      0x08001681   Thumb Code    24  stm32f10x_usart.o(.text)
    USART_OverSampling8Cmd                   0x08001699   Thumb Code    22  stm32f10x_usart.o(.text)
    USART_OneBitMethodCmd                    0x080016af   Thumb Code    24  stm32f10x_usart.o(.text)
    USART_IrDAConfig                         0x080016c7   Thumb Code    18  stm32f10x_usart.o(.text)
    USART_IrDACmd                            0x080016d9   Thumb Code    24  stm32f10x_usart.o(.text)
    USART_GetFlagStatus                      0x080016f1   Thumb Code    26  stm32f10x_usart.o(.text)
    USART_ClearFlag                          0x0800170b   Thumb Code    18  stm32f10x_usart.o(.text)
    USART_GetITStatus                        0x0800171d   Thumb Code    84  stm32f10x_usart.o(.text)
    USART_ClearITPendingBit                  0x08001771   Thumb Code    52  stm32f10x_usart.o(.text)
    EXTI_DeInit                              0x080017a5   Thumb Code    28  stm32f10x_exti.o(.text)
    EXTI_Init                                0x080017c1   Thumb Code   142  stm32f10x_exti.o(.text)
    EXTI_StructInit                          0x0800184f   Thumb Code    16  stm32f10x_exti.o(.text)
    EXTI_GenerateSWInterrupt                 0x0800185f   Thumb Code    16  stm32f10x_exti.o(.text)
    EXTI_GetFlagStatus                       0x0800186f   Thumb Code    22  stm32f10x_exti.o(.text)
    EXTI_ClearFlag                           0x08001885   Thumb Code     8  stm32f10x_exti.o(.text)
    EXTI_GetITStatus                         0x0800188d   Thumb Code    34  stm32f10x_exti.o(.text)
    EXTI_ClearITPendingBit                   0x080018af   Thumb Code     8  stm32f10x_exti.o(.text)
    Standard_GetConfiguration                0x080018c1   Thumb Code    34  usb_core.o(.text)
    Standard_SetConfiguration                0x080018e3   Thumb Code    60  usb_core.o(.text)
    Standard_GetInterface                    0x0800191f   Thumb Code    34  usb_core.o(.text)
    Standard_SetInterface                    0x08001941   Thumb Code    96  usb_core.o(.text)
    Standard_GetStatus                       0x080019a1   Thumb Code   230  usb_core.o(.text)
    Standard_ClearFeature                    0x08001a87   Thumb Code   308  usb_core.o(.text)
    Standard_SetEndPointFeature              0x08001bbb   Thumb Code   168  usb_core.o(.text)
    Standard_SetDeviceFeature                0x08001c63   Thumb Code    30  usb_core.o(.text)
    Standard_GetDescriptorData               0x08001c81   Thumb Code    32  usb_core.o(.text)
    Post0_Process                            0x080021c3   Thumb Code    54  usb_core.o(.text)
    Setup0_Process                           0x080021f9   Thumb Code   170  usb_core.o(.text)
    SetDeviceAddress                         0x080022a3   Thumb Code    66  usb_core.o(.text)
    In0_Process                              0x080022e5   Thumb Code    98  usb_core.o(.text)
    Out0_Process                             0x08002347   Thumb Code    70  usb_core.o(.text)
    NOP_Process                              0x0800238d   Thumb Code     2  usb_core.o(.text)
    USB_Init                                 0x080023b9   Thumb Code    36  usb_init.o(.text)
    CTR_LP                                   0x080023f5   Thumb Code   588  usb_int.o(.text)
    CTR_HP                                   0x08002641   Thumb Code   156  usb_int.o(.text)
    UserToPMABufferCopy                      0x080026f9   Thumb Code    52  usb_mem.o(.text)
    PMAToUserBufferCopy                      0x0800272d   Thumb Code    34  usb_mem.o(.text)
    SetCNTR                                  0x08002755   Thumb Code     6  usb_regs.o(.text)
    GetCNTR                                  0x0800275b   Thumb Code     8  usb_regs.o(.text)
    SetISTR                                  0x08002763   Thumb Code     8  usb_regs.o(.text)
    GetISTR                                  0x0800276b   Thumb Code    10  usb_regs.o(.text)
    GetFNR                                   0x08002775   Thumb Code    10  usb_regs.o(.text)
    SetDADDR                                 0x0800277f   Thumb Code     8  usb_regs.o(.text)
    GetDADDR                                 0x08002787   Thumb Code    10  usb_regs.o(.text)
    SetBTABLE                                0x08002791   Thumb Code    14  usb_regs.o(.text)
    GetBTABLE                                0x0800279f   Thumb Code    10  usb_regs.o(.text)
    SetENDPOINT                              0x080027a9   Thumb Code    10  usb_regs.o(.text)
    GetENDPOINT                              0x080027b3   Thumb Code    14  usb_regs.o(.text)
    SetEPType                                0x080027c1   Thumb Code    26  usb_regs.o(.text)
    GetEPType                                0x080027db   Thumb Code    16  usb_regs.o(.text)
    SetEPTxStatus                            0x080027eb   Thumb Code    56  usb_regs.o(.text)
    SetEPRxStatus                            0x08002823   Thumb Code    56  usb_regs.o(.text)
    SetDouBleBuffEPStall                     0x0800285b   Thumb Code    50  usb_regs.o(.text)
    GetEPTxStatus                            0x0800288d   Thumb Code    16  usb_regs.o(.text)
    GetEPRxStatus                            0x0800289d   Thumb Code    16  usb_regs.o(.text)
    SetEPTxValid                             0x080028ad   Thumb Code    42  usb_regs.o(.text)
    SetEPRxValid                             0x080028d7   Thumb Code    42  usb_regs.o(.text)
    SetEP_KIND                               0x08002901   Thumb Code    34  usb_regs.o(.text)
    ClearEP_KIND                             0x08002923   Thumb Code    30  usb_regs.o(.text)
    Clear_Status_Out                         0x08002941   Thumb Code    30  usb_regs.o(.text)
    Set_Status_Out                           0x0800295f   Thumb Code    34  usb_regs.o(.text)
    SetEPDoubleBuff                          0x08002981   Thumb Code    34  usb_regs.o(.text)
    ClearEPDoubleBuff                        0x080029a3   Thumb Code    30  usb_regs.o(.text)
    GetTxStallStatus                         0x080029c1   Thumb Code    26  usb_regs.o(.text)
    GetRxStallStatus                         0x080029db   Thumb Code    28  usb_regs.o(.text)
    ClearEP_CTR_RX                           0x080029f7   Thumb Code    28  usb_regs.o(.text)
    ClearEP_CTR_TX                           0x08002a13   Thumb Code    24  usb_regs.o(.text)
    ToggleDTOG_RX                            0x08002a2b   Thumb Code    30  usb_regs.o(.text)
    ToggleDTOG_TX                            0x08002a49   Thumb Code    30  usb_regs.o(.text)
    ClearDTOG_RX                             0x08002a67   Thumb Code    44  usb_regs.o(.text)
    ClearDTOG_TX                             0x08002a93   Thumb Code    44  usb_regs.o(.text)
    SetEPAddress                             0x08002abf   Thumb Code    32  usb_regs.o(.text)
    GetEPAddress                             0x08002adf   Thumb Code    16  usb_regs.o(.text)
    SetEPTxAddr                              0x08002aef   Thumb Code    26  usb_regs.o(.text)
    SetEPRxAddr                              0x08002b09   Thumb Code    28  usb_regs.o(.text)
    GetEPTxAddr                              0x08002b25   Thumb Code    32  usb_regs.o(.text)
    GetEPRxAddr                              0x08002b45   Thumb Code    24  usb_regs.o(.text)
    SetEPTxCount                             0x08002b5d   Thumb Code    20  usb_regs.o(.text)
    SetEPCountRxReg                          0x08002b71   Thumb Code    48  usb_regs.o(.text)
    SetEPRxCount                             0x08002ba1   Thumb Code    68  usb_regs.o(.text)
    GetEPTxCount                             0x08002be5   Thumb Code    26  usb_regs.o(.text)
    GetEPRxCount                             0x08002bff   Thumb Code    26  usb_regs.o(.text)
    SetEPDblBuffAddr                         0x08002c19   Thumb Code    44  usb_regs.o(.text)
    SetEPDblBuf0Addr                         0x08002c45   Thumb Code    24  usb_regs.o(.text)
    SetEPDblBuf1Addr                         0x08002c5d   Thumb Code    26  usb_regs.o(.text)
    GetEPDblBuf0Addr                         0x08002c77   Thumb Code    22  usb_regs.o(.text)
    GetEPDblBuf1Addr                         0x08002c8d   Thumb Code    24  usb_regs.o(.text)
    SetEPDblBuffCount                        0x08002ca5   Thumb Code   186  usb_regs.o(.text)
    SetEPDblBuf0Count                        0x08002d5f   Thumb Code    96  usb_regs.o(.text)
    SetEPDblBuf1Count                        0x08002dbf   Thumb Code    96  usb_regs.o(.text)
    GetEPDblBuf0Count                        0x08002e1f   Thumb Code    26  usb_regs.o(.text)
    GetEPDblBuf1Count                        0x08002e39   Thumb Code    26  usb_regs.o(.text)
    GetEPDblBufDir                           0x08002e53   Thumb Code    62  usb_regs.o(.text)
    FreeUserBuffer                           0x08002e91   Thumb Code    68  usb_regs.o(.text)
    ToWord                                   0x08002ed5   Thumb Code     8  usb_regs.o(.text)
    ByteSwap                                 0x08002edd   Thumb Code    12  usb_regs.o(.text)
    USB_SIL_Init                             0x08002ef1   Thumb Code    28  usb_sil.o(.text)
    USB_SIL_Write                            0x08002f0d   Thumb Code    46  usb_sil.o(.text)
    USB_SIL_Read                             0x08002f3b   Thumb Code    46  usb_sil.o(.text)
    USBWakeUp_IRQHandler                     0x08002f71   Thumb Code    12  hw_config.o(.text)
    USB_LP_CAN1_RX0_IRQHandler               0x08002f7d   Thumb Code     8  hw_config.o(.text)
    Set_USBClock                             0x08002f85   Thumb Code    18  hw_config.o(.text)
    Enter_LowPowerMode                       0x08002f97   Thumb Code    16  hw_config.o(.text)
    Leave_LowPowerMode                       0x08002fa7   Thumb Code    30  hw_config.o(.text)
    USB_Interrupts_Config                    0x08002fc5   Thumb Code    84  hw_config.o(.text)
    USB_Cable_Config                         0x08003019   Thumb Code    22  hw_config.o(.text)
    USB_Port_Set                             0x0800302f   Thumb Code    74  hw_config.o(.text)
    IntToUnicode                             0x08003079   Thumb Code    62  hw_config.o(.text)
    Get_SerialNum                            0x080030b7   Thumb Code    42  hw_config.o(.text)
    USART_Config                             0x080030e1   Thumb Code    64  hw_config.o(.text)
    USB_To_USART_Send_Data                   0x08003121   Thumb Code   120  hw_config.o(.text)
    USB_USART_SendData                       0x08003199   Thumb Code    46  hw_config.o(.text)
    usb_printf                               0x080031c7   Thumb Code    56  hw_config.o(.text)
    EP1_IN_Callback                          0x080032fd   Thumb Code   134  usb_endp.o(.text)
    EP3_OUT_Callback                         0x08003383   Thumb Code    28  usb_endp.o(.text)
    SOF_Callback                             0x0800339f   Thumb Code    38  usb_endp.o(.text)
    USB_Istr                                 0x080033d5   Thumb Code   414  usb_istr.o(.text)
    Virtual_Com_Port_init                    0x08003595   Thumb Code    30  usb_prop.o(.text)
    Virtual_Com_Port_Reset                   0x080035b3   Thumb Code   216  usb_prop.o(.text)
    Virtual_Com_Port_SetConfiguration        0x0800368b   Thumb Code    14  usb_prop.o(.text)
    Virtual_Com_Port_SetDeviceAddress        0x08003699   Thumb Code     8  usb_prop.o(.text)
    Virtual_Com_Port_Status_In               0x080036a1   Thumb Code    22  usb_prop.o(.text)
    Virtual_Com_Port_Status_Out              0x080036b7   Thumb Code     2  usb_prop.o(.text)
    Virtual_Com_Port_SetLineCoding           0x080036b9   Thumb Code    20  usb_prop.o(.text)
    Virtual_Com_Port_GetLineCoding           0x080036cd   Thumb Code    20  usb_prop.o(.text)
    Virtual_Com_Port_Data_Setup              0x080036e1   Thumb Code    86  usb_prop.o(.text)
    Virtual_Com_Port_NoData_Setup            0x08003737   Thumb Code    36  usb_prop.o(.text)
    Virtual_Com_Port_GetDeviceDescriptor     0x0800375b   Thumb Code    14  usb_prop.o(.text)
    Virtual_Com_Port_GetConfigDescriptor     0x08003769   Thumb Code    14  usb_prop.o(.text)
    Virtual_Com_Port_GetStringDescriptor     0x08003777   Thumb Code    32  usb_prop.o(.text)
    Virtual_Com_Port_Get_Interface_Setting   0x08003797   Thumb Code    22  usb_prop.o(.text)
    PowerOn                                  0x080037d5   Thumb Code    54  usb_pwr.o(.text)
    PowerOff                                 0x0800380b   Thumb Code    28  usb_pwr.o(.text)
    Suspend                                  0x08003827   Thumb Code   136  usb_pwr.o(.text)
    Resume_Init                              0x080038af   Thumb Code    30  usb_pwr.o(.text)
    Resume                                   0x080038cd   Thumb Code   194  usb_pwr.o(.text)
    __use_no_semihosting                     0x080039a5   Thumb Code     2  use_no_semi_2.o(.text)
    __c89vsprintf                            0x080039a9   Thumb Code    32  c89vsprintf.o(.text)
    __2printf                                0x080039cd   Thumb Code    20  __2printf.o(.text)
    _printf_int_dec                          0x080039e5   Thumb Code   102  _printf_dec.o(.text)
    __printf                                 0x08003a5d   Thumb Code   390  __printf_flags_ss_wp.o(.text)
    strlen                                   0x08003be9   Thumb Code    62  strlen.o(.text)
    __use_two_region_memory                  0x08003c27   Thumb Code     2  heapauxi.o(.text)
    __rt_heap_escrow$2region                 0x08003c29   Thumb Code     2  heapauxi.o(.text)
    __rt_heap_expand$2region                 0x08003c2b   Thumb Code     2  heapauxi.o(.text)
    __I$use$semihosting                      0x08003c2d   Thumb Code     0  use_no_semi.o(.text)
    __use_no_semihosting_swi                 0x08003c2d   Thumb Code     2  use_no_semi.o(.text)
    _printf_pre_padding                      0x08003c2f   Thumb Code    46  _printf_pad.o(.text)
    _printf_post_padding                     0x08003c5d   Thumb Code    36  _printf_pad.o(.text)
    _printf_truncate_signed                  0x08003c81   Thumb Code    18  _printf_truncate.o(.text)
    _printf_truncate_unsigned                0x08003c93   Thumb Code    18  _printf_truncate.o(.text)
    _printf_str                              0x08003ca5   Thumb Code    82  _printf_str.o(.text)
    _printf_int_common                       0x08003cf7   Thumb Code   184  _printf_intcommon.o(.text)
    _printf_charcount                        0x08003daf   Thumb Code    42  _printf_charcount.o(.text)
    _printf_char_common                      0x08003de3   Thumb Code    32  _printf_char_common.o(.text)
    _sputc                                   0x08003e09   Thumb Code    10  _sputc.o(.text)
    _printf_char_file                        0x08003e15   Thumb Code    32  _printf_char_file.o(.text)
    _printf_wctomb                           0x08003e39   Thumb Code   182  _printf_wctomb.o(.text)
    _printf_longlong_dec                     0x08003ef5   Thumb Code   104  _printf_longlong_dec.o(.text)
    _printf_longlong_oct                     0x08003f6d   Thumb Code    76  _printf_oct_int_ll.o(.text)
    _printf_int_oct                          0x08003fb9   Thumb Code    24  _printf_oct_int_ll.o(.text)
    _printf_ll_oct                           0x08003fd1   Thumb Code    12  _printf_oct_int_ll.o(.text)
    _printf_longlong_hex                     0x08003fe5   Thumb Code    92  _printf_hex_int_ll_ptr.o(.text)
    _printf_int_hex                          0x08004041   Thumb Code    28  _printf_hex_int_ll_ptr.o(.text)
    _printf_ll_hex                           0x0800405d   Thumb Code    12  _printf_hex_int_ll_ptr.o(.text)
    _printf_hex_ptr                          0x08004069   Thumb Code    18  _printf_hex_int_ll_ptr.o(.text)
    _ll_udiv10                               0x08004081   Thumb Code   138  lludiv10.o(.text)
    __lib_sel_fp_printf                      0x0800410b   Thumb Code     2  _printf_fp_dec.o(.text)
    _printf_fp_dec_real                      0x080042b7   Thumb Code   628  _printf_fp_dec.o(.text)
    _printf_cs_common                        0x0800452b   Thumb Code    20  _printf_char.o(.text)
    _printf_char                             0x0800453f   Thumb Code    16  _printf_char.o(.text)
    _printf_string                           0x0800454f   Thumb Code     8  _printf_char.o(.text)
    _printf_lcs_common                       0x08004557   Thumb Code    20  _printf_wchar.o(.text)
    _printf_wchar                            0x0800456b   Thumb Code    16  _printf_wchar.o(.text)
    _printf_wstring                          0x0800457b   Thumb Code     8  _printf_wchar.o(.text)
    ferror                                   0x08004583   Thumb Code     8  ferror.o(.text)
    _wcrtomb                                 0x0800458b   Thumb Code    64  _wcrtomb.o(.text)
    __user_setup_stackheap                   0x080045cb   Thumb Code    74  sys_stackheap_outer.o(.text)
    __rt_ctype_table                         0x08004615   Thumb Code    16  rt_ctype_table.o(.text)
    __rt_locale                              0x08004625   Thumb Code     8  rt_locale_intlibspace.o(.text)
    _printf_fp_infnan                        0x0800462d   Thumb Code   112  _printf_fp_infnan.o(.text)
    _btod_etento                             0x080046ad   Thumb Code   222  bigflt0.o(.text)
    exit                                     0x08004791   Thumb Code    12  exit.o(.text)
    __user_libspace                          0x0800479d   Thumb Code     8  libspace.o(.text)
    __user_perproc_libspace                  0x0800479d   Thumb Code     0  libspace.o(.text)
    __user_perthread_libspace                0x0800479d   Thumb Code     0  libspace.o(.text)
    strcmp                                   0x080047a5   Thumb Code   128  strcmpv7m.o(.text)
    _btod_d2e                                0x08004825   Thumb Code    62  btod.o(CL$$btod_d2e)
    _d2e_denorm_low                          0x08004863   Thumb Code    70  btod.o(CL$$btod_d2e_denorm_low)
    _d2e_norm_op1                            0x080048a9   Thumb Code    96  btod.o(CL$$btod_d2e_norm_op1)
    __btod_div_common                        0x08004909   Thumb Code   696  btod.o(CL$$btod_div_common)
    _e2e                                     0x08004c41   Thumb Code   198  btod.o(CL$$btod_e2e)
    _btod_ediv                               0x08004d07   Thumb Code    40  btod.o(CL$$btod_ediv)
    _btod_emul                               0x08004d2f   Thumb Code    40  btod.o(CL$$btod_emul)
    __btod_mult_common                       0x08004d57   Thumb Code   580  btod.o(CL$$btod_mult_common)
    __ARM_fpclassify                         0x08004f9b   Thumb Code    40  fpclassify.o(i.__ARM_fpclassify)
    _is_digit                                0x08004fc3   Thumb Code    14  __printf_wp.o(i._is_digit)
    _get_lc_numeric                          0x08004fd1   Thumb Code    44  lc_numeric_c.o(locale$$code)
    _get_lc_ctype                            0x08004ffd   Thumb Code    44  lc_ctype_c.o(locale$$code)
    _printf_fp_dec                           0x08005029   Thumb Code     4  printf1.o(x$fpl$printf1)
    Virtual_Com_Port_DeviceDescriptor        0x0800502c   Data          18  usb_desc.o(.constdata)
    __I$use$fp                               0x0800502c   Number         0  usenofp.o(x$fpl$usenofp)
    Virtual_Com_Port_ConfigDescriptor        0x0800503e   Data          67  usb_desc.o(.constdata)
    Virtual_Com_Port_StringLangID            0x08005081   Data           4  usb_desc.o(.constdata)
    Virtual_Com_Port_StringVendor            0x08005085   Data          38  usb_desc.o(.constdata)
    Virtual_Com_Port_StringProduct           0x080050ab   Data          50  usb_desc.o(.constdata)
    Region$$Table$$Base                      0x080051b4   Number         0  anon$$obj.o(Region$$Table)
    Region$$Table$$Limit                     0x080051d4   Number         0  anon$$obj.o(Region$$Table)
    __ctype                                  0x080051fd   Data           0  lc_ctype_c.o(locale$$data)
    SystemCoreClock                          0x20000000   Data           4  system_stm32f10x.o(.data)
    AHBPrescTable                            0x20000004   Data          16  system_stm32f10x.o(.data)
    MoveDir                                  0x20000014   Data           1  extiserv.o(.data)
    DelayN                                   0x20000015   Data           1  extiserv.o(.data)
    USART_RX_STA                             0x2000001c   Data           2  usart.o(.data)
    __stdout                                 0x20000020   Data           4  usart.o(.data)
    Data_Mul_MaxPacketSize                   0x20000038   Data           1  usb_core.o(.data)
    StatusInfo                               0x2000003a   Data           2  usb_core.o(.data)
    EPindex                                  0x2000003c   Data           1  usb_init.o(.data)
    pInformation                             0x20000040   Data           4  usb_init.o(.data)
    pProperty                                0x20000044   Data           4  usb_init.o(.data)
    SaveState                                0x20000048   Data           2  usb_init.o(.data)
    wInterrupt_Mask                          0x2000004a   Data           2  usb_init.o(.data)
    pUser_Standard_Requests                  0x2000004c   Data           4  usb_init.o(.data)
    SaveRState                               0x20000050   Data           2  usb_int.o(.data)
    SaveTState                               0x20000052   Data           2  usb_int.o(.data)
    USB_USART_RX_STA                         0x20000054   Data           2  hw_config.o(.data)
    Virtual_Com_Port_StringSerial            0x20000056   Data          26  usb_desc.o(.data)
    bIntPackSOF                              0x20000074   Data           1  usb_istr.o(.data)
    esof_counter                             0x20000078   Data           4  usb_istr.o(.data)
    wCNTR                                    0x2000007c   Data           4  usb_istr.o(.data)
    pEpInt_IN                                0x20000080   Data          28  usb_istr.o(.data)
    pEpInt_OUT                               0x2000009c   Data          28  usb_istr.o(.data)
    wIstr                                    0x200000b8   Data           2  usb_istr.o(.data)
    Request                                  0x200000bc   Data           1  usb_prop.o(.data)
    linecoding                               0x200000c0   Data           8  usb_prop.o(.data)
    Device_Table                             0x200000c8   Data           2  usb_prop.o(.data)
    Device_Property                          0x200000cc   Data          48  usb_prop.o(.data)
    User_Standard_Requests                   0x200000fc   Data          36  usb_prop.o(.data)
    Device_Descriptor                        0x20000120   Data           8  usb_prop.o(.data)
    Config_Descriptor                        0x20000128   Data           8  usb_prop.o(.data)
    String_Descriptor                        0x20000130   Data          32  usb_prop.o(.data)
    bDeviceState                             0x20000150   Data           4  usb_pwr.o(.data)
    fSuspendEnabled                          0x20000154   Data           1  usb_pwr.o(.data)
    remotewakeupon                           0x20000158   Data           4  usb_pwr.o(.data)
    ResumeS                                  0x2000015c   Data           2  usb_pwr.o(.data)
    USART_RX_BUF                             0x20000160   Data         200  usart.o(.bss)
    Device_Info                              0x20000228   Data          28  usb_init.o(.bss)
    uu_txfifo                                0x20000244   Data        1028  hw_config.o(.bss)
    USART_PRINTF_Buffer                      0x20000648   Data         200  hw_config.o(.bss)
    USB_USART_RX_BUF                         0x20000710   Data         200  hw_config.o(.bss)
    USB_Rx_Buffer                            0x200007d8   Data          64  usb_endp.o(.bss)
    EP                                       0x20000818   Data          32  usb_pwr.o(.bss)
    __libspace_start                         0x20000838   Data          96  libspace.o(.bss)
    __temporary_stack_top$libspace           0x20000898   Data           0  libspace.o(.bss)



==============================================================================

Memory Map of the image

  Image Entry point : 0x08000131

  Load Region LR_IROM1 (Base: 0x08000000, Size: 0x00005460, Max: 0x00080000, ABSOLUTE, COMPRESSED[0x00005394])

    Execution Region ER_IROM1 (Base: 0x08000000, Size: 0x00005300, Max: 0x00080000, ABSOLUTE)

    Base Addr    Size         Type   Attr      Idx    E Section Name        Object

    0x08000000   0x00000130   Data   RO          355    RESET               startup_stm32f10x_hd.o
    0x08000130   0x00000008   Code   RO          696  * !!!main             c_w.l(__main.o)
    0x08000138   0x00000034   Code   RO          985    !!!scatter          c_w.l(__scatter.o)
    0x0800016c   0x0000005a   Code   RO          983    !!dczerorl2         c_w.l(__dczerorl2.o)
    0x080001c6   0x00000002   PAD
    0x080001c8   0x0000001c   Code   RO          987    !!handler_zi        c_w.l(__scatter_zi.o)
    0x080001e4   0x00000000   Code   RO          691    .ARM.Collect$$_printf_percent$$00000000  c_w.l(_printf_percent.o)
    0x080001e4   0x00000006   Code   RO          751    .ARM.Collect$$_printf_percent$$00000001  c_w.l(_printf_n.o)
    0x080001ea   0x00000006   Code   RO          753    .ARM.Collect$$_printf_percent$$00000002  c_w.l(_printf_p.o)
    0x080001f0   0x00000006   Code   RO          757    .ARM.Collect$$_printf_percent$$00000003  c_w.l(_printf_f.o)
    0x080001f6   0x00000006   Code   RO          758    .ARM.Collect$$_printf_percent$$00000004  c_w.l(_printf_e.o)
    0x080001fc   0x00000006   Code   RO          759    .ARM.Collect$$_printf_percent$$00000005  c_w.l(_printf_g.o)
    0x08000202   0x00000006   Code   RO          760    .ARM.Collect$$_printf_percent$$00000006  c_w.l(_printf_a.o)
    0x08000208   0x0000000a   Code   RO          765    .ARM.Collect$$_printf_percent$$00000007  c_w.l(_printf_ll.o)
    0x08000212   0x00000006   Code   RO          755    .ARM.Collect$$_printf_percent$$00000008  c_w.l(_printf_i.o)
    0x08000218   0x00000006   Code   RO          690    .ARM.Collect$$_printf_percent$$00000009  c_w.l(_printf_d.o)
    0x0800021e   0x00000006   Code   RO          756    .ARM.Collect$$_printf_percent$$0000000A  c_w.l(_printf_u.o)
    0x08000224   0x00000006   Code   RO          754    .ARM.Collect$$_printf_percent$$0000000B  c_w.l(_printf_o.o)
    0x0800022a   0x00000006   Code   RO          752    .ARM.Collect$$_printf_percent$$0000000C  c_w.l(_printf_x.o)
    0x08000230   0x00000006   Code   RO          762    .ARM.Collect$$_printf_percent$$0000000D  c_w.l(_printf_lli.o)
    0x08000236   0x00000006   Code   RO          763    .ARM.Collect$$_printf_percent$$0000000E  c_w.l(_printf_lld.o)
    0x0800023c   0x00000006   Code   RO          764    .ARM.Collect$$_printf_percent$$0000000F  c_w.l(_printf_llu.o)
    0x08000242   0x00000006   Code   RO          769    .ARM.Collect$$_printf_percent$$00000010  c_w.l(_printf_llo.o)
    0x08000248   0x00000006   Code   RO          770    .ARM.Collect$$_printf_percent$$00000011  c_w.l(_printf_llx.o)
    0x0800024e   0x0000000a   Code   RO          766    .ARM.Collect$$_printf_percent$$00000012  c_w.l(_printf_l.o)
    0x08000258   0x00000006   Code   RO          749    .ARM.Collect$$_printf_percent$$00000013  c_w.l(_printf_c.o)
    0x0800025e   0x00000006   Code   RO          750    .ARM.Collect$$_printf_percent$$00000014  c_w.l(_printf_s.o)
    0x08000264   0x00000006   Code   RO          767    .ARM.Collect$$_printf_percent$$00000015  c_w.l(_printf_lc.o)
    0x0800026a   0x00000006   Code   RO          768    .ARM.Collect$$_printf_percent$$00000016  c_w.l(_printf_ls.o)
    0x08000270   0x00000004   Code   RO          761    .ARM.Collect$$_printf_percent$$00000017  c_w.l(_printf_percent_end.o)
    0x08000274   0x00000002   Code   RO          850    .ARM.Collect$$libinit$$00000000  c_w.l(libinit.o)
    0x08000276   0x00000000   Code   RO          867    .ARM.Collect$$libinit$$00000002  c_w.l(libinit2.o)
    0x08000276   0x00000000   Code   RO          870    .ARM.Collect$$libinit$$00000008  c_w.l(libinit2.o)
    0x08000276   0x00000000   Code   RO          872    .ARM.Collect$$libinit$$0000000A  c_w.l(libinit2.o)
    0x08000276   0x00000000   Code   RO          874    .ARM.Collect$$libinit$$0000000C  c_w.l(libinit2.o)
    0x08000276   0x00000006   Code   RO          875    .ARM.Collect$$libinit$$0000000D  c_w.l(libinit2.o)
    0x0800027c   0x00000000   Code   RO          877    .ARM.Collect$$libinit$$0000000F  c_w.l(libinit2.o)
    0x0800027c   0x0000000c   Code   RO          878    .ARM.Collect$$libinit$$00000010  c_w.l(libinit2.o)
    0x08000288   0x00000000   Code   RO          879    .ARM.Collect$$libinit$$00000011  c_w.l(libinit2.o)
    0x08000288   0x00000000   Code   RO          881    .ARM.Collect$$libinit$$00000013  c_w.l(libinit2.o)
    0x08000288   0x0000000a   Code   RO          882    .ARM.Collect$$libinit$$00000014  c_w.l(libinit2.o)
    0x08000292   0x00000000   Code   RO          883    .ARM.Collect$$libinit$$00000015  c_w.l(libinit2.o)
    0x08000292   0x00000000   Code   RO          885    .ARM.Collect$$libinit$$00000017  c_w.l(libinit2.o)
    0x08000292   0x00000000   Code   RO          887    .ARM.Collect$$libinit$$00000019  c_w.l(libinit2.o)
    0x08000292   0x00000000   Code   RO          889    .ARM.Collect$$libinit$$0000001B  c_w.l(libinit2.o)
    0x08000292   0x00000000   Code   RO          891    .ARM.Collect$$libinit$$0000001D  c_w.l(libinit2.o)
    0x08000292   0x00000000   Code   RO          893    .ARM.Collect$$libinit$$0000001F  c_w.l(libinit2.o)
    0x08000292   0x00000000   Code   RO          895    .ARM.Collect$$libinit$$00000021  c_w.l(libinit2.o)
    0x08000292   0x00000000   Code   RO          897    .ARM.Collect$$libinit$$00000023  c_w.l(libinit2.o)
    0x08000292   0x00000000   Code   RO          901    .ARM.Collect$$libinit$$0000002A  c_w.l(libinit2.o)
    0x08000292   0x00000000   Code   RO          903    .ARM.Collect$$libinit$$0000002C  c_w.l(libinit2.o)
    0x08000292   0x00000000   Code   RO          905    .ARM.Collect$$libinit$$0000002E  c_w.l(libinit2.o)
    0x08000292   0x00000000   Code   RO          907    .ARM.Collect$$libinit$$00000030  c_w.l(libinit2.o)
    0x08000292   0x00000002   Code   RO          908    .ARM.Collect$$libinit$$00000031  c_w.l(libinit2.o)
    0x08000294   0x00000002   Code   RO          926    .ARM.Collect$$libshutdown$$00000000  c_w.l(libshutdown.o)
    0x08000296   0x00000000   Code   RO          937    .ARM.Collect$$libshutdown$$00000003  c_w.l(libshutdown2.o)
    0x08000296   0x00000000   Code   RO          940    .ARM.Collect$$libshutdown$$00000006  c_w.l(libshutdown2.o)
    0x08000296   0x00000000   Code   RO          943    .ARM.Collect$$libshutdown$$00000009  c_w.l(libshutdown2.o)
    0x08000296   0x00000000   Code   RO          945    .ARM.Collect$$libshutdown$$0000000B  c_w.l(libshutdown2.o)
    0x08000296   0x00000000   Code   RO          948    .ARM.Collect$$libshutdown$$0000000E  c_w.l(libshutdown2.o)
    0x08000296   0x00000002   Code   RO          949    .ARM.Collect$$libshutdown$$0000000F  c_w.l(libshutdown2.o)
    0x08000298   0x00000000   Code   RO          700    .ARM.Collect$$rtentry$$00000000  c_w.l(rtentry.o)
    0x08000298   0x00000000   Code   RO          774    .ARM.Collect$$rtentry$$00000002  c_w.l(rtentry2.o)
    0x08000298   0x00000006   Code   RO          786    .ARM.Collect$$rtentry$$00000004  c_w.l(rtentry4.o)
    0x0800029e   0x00000000   Code   RO          776    .ARM.Collect$$rtentry$$00000009  c_w.l(rtentry2.o)
    0x0800029e   0x00000004   Code   RO          777    .ARM.Collect$$rtentry$$0000000A  c_w.l(rtentry2.o)
    0x080002a2   0x00000000   Code   RO          779    .ARM.Collect$$rtentry$$0000000C  c_w.l(rtentry2.o)
    0x080002a2   0x00000008   Code   RO          780    .ARM.Collect$$rtentry$$0000000D  c_w.l(rtentry2.o)
    0x080002aa   0x00000002   Code   RO          859    .ARM.Collect$$rtexit$$00000000  c_w.l(rtexit.o)
    0x080002ac   0x00000000   Code   RO          910    .ARM.Collect$$rtexit$$00000002  c_w.l(rtexit2.o)
    0x080002ac   0x00000004   Code   RO          911    .ARM.Collect$$rtexit$$00000003  c_w.l(rtexit2.o)
    0x080002b0   0x00000006   Code   RO          912    .ARM.Collect$$rtexit$$00000004  c_w.l(rtexit2.o)
    0x080002b6   0x00000002   PAD
    0x080002b8   0x00000080   Code   RO            1    .text               main.o
    0x08000338   0x0000001a   Code   RO          172    .text               stm32f10x_it.o
    0x08000352   0x00000002   PAD
    0x08000354   0x000001e0   Code   RO          213    .text               system_stm32f10x.o
    0x08000534   0x000001cc   Code   RO          231    .text               extiserv.o
    0x08000700   0x00000110   Code   RO          249    .text               key.o
    0x08000810   0x000000f0   Code   RO          262    .text               led.o
    0x08000900   0x00000070   Code   RO          277    .text               userusb.o
    0x08000970   0x000000d0   Code   RO          289    .text               delay.o
    0x08000a40   0x00000140   Code   RO          320    .text               usart.o
    0x08000b80   0x00000040   Code   RO          356    .text               startup_stm32f10x_hd.o
    0x08000bc0   0x000000dc   Code   RO          360    .text               misc.o
    0x08000c9c   0x00000358   Code   RO          372    .text               stm32f10x_gpio.o
    0x08000ff4   0x000003a8   Code   RO          384    .text               stm32f10x_rcc.o
    0x0800139c   0x00000408   Code   RO          398    .text               stm32f10x_usart.o
    0x080017a4   0x0000011c   Code   RO          410    .text               stm32f10x_exti.o
    0x080018c0   0x00000af8   Code   RO          422    .text               usb_core.o
    0x080023b8   0x0000003c   Code   RO          440    .text               usb_init.o
    0x080023f4   0x00000304   Code   RO          463    .text               usb_int.o
    0x080026f8   0x0000005c   Code   RO          487    .text               usb_mem.o
    0x08002754   0x0000079c   Code   RO          499    .text               usb_regs.o
    0x08002ef0   0x00000080   Code   RO          511    .text               usb_sil.o
    0x08002f70   0x0000038c   Code   RO          523    .text               hw_config.o
    0x080032fc   0x000000d8   Code   RO          580    .text               usb_endp.o
    0x080033d4   0x000001c0   Code   RO          596    .text               usb_istr.o
    0x08003594   0x00000240   Code   RO          614    .text               usb_prop.o
    0x080037d4   0x000001d0   Code   RO          637    .text               usb_pwr.o
    0x080039a4   0x00000002   Code   RO          658    .text               c_w.l(use_no_semi_2.o)
    0x080039a6   0x00000002   PAD
    0x080039a8   0x00000024   Code   RO          660    .text               c_w.l(c89vsprintf.o)
    0x080039cc   0x00000018   Code   RO          662    .text               c_w.l(__2printf.o)
    0x080039e4   0x00000078   Code   RO          668    .text               c_w.l(_printf_dec.o)
    0x08003a5c   0x0000018c   Code   RO          687    .text               c_w.l(__printf_flags_ss_wp.o)
    0x08003be8   0x0000003e   Code   RO          692    .text               c_w.l(strlen.o)
    0x08003c26   0x00000006   Code   RO          694    .text               c_w.l(heapauxi.o)
    0x08003c2c   0x00000002   Code   RO          698    .text               c_w.l(use_no_semi.o)
    0x08003c2e   0x00000052   Code   RO          701    .text               c_w.l(_printf_pad.o)
    0x08003c80   0x00000024   Code   RO          703    .text               c_w.l(_printf_truncate.o)
    0x08003ca4   0x00000052   Code   RO          705    .text               c_w.l(_printf_str.o)
    0x08003cf6   0x000000b8   Code   RO          707    .text               c_w.l(_printf_intcommon.o)
    0x08003dae   0x0000002a   Code   RO          709    .text               c_w.l(_printf_charcount.o)
    0x08003dd8   0x00000030   Code   RO          711    .text               c_w.l(_printf_char_common.o)
    0x08003e08   0x0000000a   Code   RO          713    .text               c_w.l(_sputc.o)
    0x08003e12   0x00000002   PAD
    0x08003e14   0x00000024   Code   RO          715    .text               c_w.l(_printf_char_file.o)
    0x08003e38   0x000000bc   Code   RO          717    .text               c_w.l(_printf_wctomb.o)
    0x08003ef4   0x00000078   Code   RO          720    .text               c_w.l(_printf_longlong_dec.o)
    0x08003f6c   0x00000078   Code   RO          726    .text               c_w.l(_printf_oct_int_ll.o)
    0x08003fe4   0x0000009c   Code   RO          746    .text               c_w.l(_printf_hex_int_ll_ptr.o)
    0x08004080   0x0000008a   Code   RO          788    .text               c_w.l(lludiv10.o)
    0x0800410a   0x00000420   Code   RO          790    .text               c_w.l(_printf_fp_dec.o)
    0x0800452a   0x0000002c   Code   RO          794    .text               c_w.l(_printf_char.o)
    0x08004556   0x0000002c   Code   RO          796    .text               c_w.l(_printf_wchar.o)
    0x08004582   0x00000008   Code   RO          798    .text               c_w.l(ferror.o)
    0x0800458a   0x00000040   Code   RO          802    .text               c_w.l(_wcrtomb.o)
    0x080045ca   0x0000004a   Code   RO          804    .text               c_w.l(sys_stackheap_outer.o)
    0x08004614   0x00000010   Code   RO          806    .text               c_w.l(rt_ctype_table.o)
    0x08004624   0x00000008   Code   RO          811    .text               c_w.l(rt_locale_intlibspace.o)
    0x0800462c   0x00000080   Code   RO          813    .text               c_w.l(_printf_fp_infnan.o)
    0x080046ac   0x000000e4   Code   RO          815    .text               c_w.l(bigflt0.o)
    0x08004790   0x0000000c   Code   RO          843    .text               c_w.l(exit.o)
    0x0800479c   0x00000008   Code   RO          856    .text               c_w.l(libspace.o)
    0x080047a4   0x00000080   Code   RO          864    .text               c_w.l(strcmpv7m.o)
    0x08004824   0x0000003e   Code   RO          818    CL$$btod_d2e        c_w.l(btod.o)
    0x08004862   0x00000046   Code   RO          820    CL$$btod_d2e_denorm_low  c_w.l(btod.o)
    0x080048a8   0x00000060   Code   RO          819    CL$$btod_d2e_norm_op1  c_w.l(btod.o)
    0x08004908   0x00000338   Code   RO          828    CL$$btod_div_common  c_w.l(btod.o)
    0x08004c40   0x000000c6   Code   RO          825    CL$$btod_e2e        c_w.l(btod.o)
    0x08004d06   0x00000028   Code   RO          822    CL$$btod_ediv       c_w.l(btod.o)
    0x08004d2e   0x00000028   Code   RO          821    CL$$btod_emul       c_w.l(btod.o)
    0x08004d56   0x00000244   Code   RO          827    CL$$btod_mult_common  c_w.l(btod.o)
    0x08004f9a   0x00000028   Code   RO          854    i.__ARM_fpclassify  m_ws.l(fpclassify.o)
    0x08004fc2   0x0000000e   Code   RO          680    i._is_digit         c_w.l(__printf_wp.o)
    0x08004fd0   0x0000002c   Code   RO          841    locale$$code        c_w.l(lc_numeric_c.o)
    0x08004ffc   0x0000002c   Code   RO          862    locale$$code        c_w.l(lc_ctype_c.o)
    0x08005028   0x00000004   Code   RO          771    x$fpl$printf1       fz_ws.l(printf1.o)
    0x0800502c   0x00000000   Code   RO          853    x$fpl$usenofp       fz_ws.l(usenofp.o)
    0x0800502c   0x000000b1   Data   RO          567    .constdata          usb_desc.o
    0x080050dd   0x00000011   Data   RO          688    .constdata          c_w.l(__printf_flags_ss_wp.o)
    0x080050ee   0x00000002   PAD
    0x080050f0   0x00000008   Data   RO          718    .constdata          c_w.l(_printf_wctomb.o)
    0x080050f8   0x00000028   Data   RO          747    .constdata          c_w.l(_printf_hex_int_ll_ptr.o)
    0x08005120   0x00000094   Data   RO          816    .constdata          c_w.l(bigflt0.o)
    0x080051b4   0x00000020   Data   RO          981    Region$$Table       anon$$obj.o
    0x080051d4   0x0000001c   Data   RO          840    locale$$data        c_w.l(lc_numeric_c.o)
    0x080051f0   0x00000110   Data   RO          861    locale$$data        c_w.l(lc_ctype_c.o)


    Execution Region RW_IRAM1 (Base: 0x20000000, Size: 0x00000e98, Max: 0x00010000, ABSOLUTE, COMPRESSED[0x00000094])

    Base Addr    Size         Type   Attr      Idx    E Section Name        Object

    0x20000000   0x00000014   Data   RW          214    .data               system_stm32f10x.o
    0x20000014   0x00000002   Data   RW          232    .data               extiserv.o
    0x20000016   0x00000001   Data   RW          250    .data               key.o
    0x20000017   0x00000001   PAD
    0x20000018   0x00000004   Data   RW          290    .data               delay.o
    0x2000001c   0x00000008   Data   RW          322    .data               usart.o
    0x20000024   0x00000014   Data   RW          385    .data               stm32f10x_rcc.o
    0x20000038   0x00000004   Data   RW          423    .data               usb_core.o
    0x2000003c   0x00000014   Data   RW          442    .data               usb_init.o
    0x20000050   0x00000004   Data   RW          464    .data               usb_int.o
    0x20000054   0x00000002   Data   RW          525    .data               hw_config.o
    0x20000056   0x0000001a   Data   RW          568    .data               usb_desc.o
    0x20000070   0x00000004   Data   RW          582    .data               usb_endp.o
    0x20000074   0x00000046   Data   RW          597    .data               usb_istr.o
    0x200000ba   0x00000002   PAD
    0x200000bc   0x00000094   Data   RW          615    .data               usb_prop.o
    0x20000150   0x0000000e   Data   RW          639    .data               usb_pwr.o
    0x2000015e   0x00000002   PAD
    0x20000160   0x000000c8   Zero   RW          321    .bss                usart.o
    0x20000228   0x0000001c   Zero   RW          441    .bss                usb_init.o
    0x20000244   0x00000594   Zero   RW          524    .bss                hw_config.o
    0x200007d8   0x00000040   Zero   RW          581    .bss                usb_endp.o
    0x20000818   0x00000020   Zero   RW          638    .bss                usb_pwr.o
    0x20000838   0x00000060   Zero   RW          857    .bss                c_w.l(libspace.o)
    0x20000898   0x00000200   Zero   RW          354    HEAP                startup_stm32f10x_hd.o
    0x20000a98   0x00000400   Zero   RW          353    STACK               startup_stm32f10x_hd.o


==============================================================================

Image component sizes


      Code (inc. data)   RO Data    RW Data    ZI Data      Debug   Object Name

       208         18          0          4          0        911   delay.o
       460         18          0          2          0       1305   extiserv.o
       908        254          0          2       1428       5917   hw_config.o
       272         14          0          1          0        766   key.o
       240         46          0          0          0        666   led.o
       128          8          0          0          0     246023   main.o
       220         20          0          0          0       1689   misc.o
        64         26        304          0       1536        740   startup_stm32f10x_hd.o
       284         10          0          0          0       2119   stm32f10x_exti.o
       856         40          0          0          0       5533   stm32f10x_gpio.o
        26          0          0          0          0       1126   stm32f10x_it.o
       936         48          0         20          0       8648   stm32f10x_rcc.o
      1032         22          0          0          0       8260   stm32f10x_usart.o
         0          0          0          0          0         32   sys.o
       480         40          0         20          0       1571   system_stm32f10x.o
       320         18          0          8        200       2982   usart.o
      2808        104          0          4          0       8307   usb_core.o
         0          0        177         26          0        963   usb_desc.o
       216         16          0          4         64       1448   usb_endp.o
        60         24          0         20         28       3958   usb_init.o
       772         28          0          4          0       1771   usb_int.o
       448         34          0         70          0       1451   usb_istr.o
        92          6          0          0          0       1330   usb_mem.o
       576         40          0        148          0       7111   usb_prop.o
       464         30          0         14         32       2543   usb_pwr.o
      1948         16          0          0          0      11493   usb_regs.o
       128          8          0          0          0       1350   usb_sil.o
       112          8          0          0          0       1079   userusb.o

    ----------------------------------------------------------------------
     14060        896        513        352       3288     331092   Object Totals
         0          0         32          0          0          0   (incl. Generated)
         2          0          0          5          0          0   (incl. Padding)

    ----------------------------------------------------------------------

      Code (inc. data)   RO Data    RW Data    ZI Data      Debug   Library Member Name

        24          4          0          0          0         84   __2printf.o
        90          0          0          0          0          0   __dczerorl2.o
         8          0          0          0          0         68   __main.o
       396          6         17          0          0         92   __printf_flags_ss_wp.o
        14          0          0          0          0         68   __printf_wp.o
        52          8          0          0          0          0   __scatter.o
        28          0          0          0          0          0   __scatter_zi.o
         6          0          0          0          0          0   _printf_a.o
         6          0          0          0          0          0   _printf_c.o
        44          0          0          0          0        108   _printf_char.o
        48          6          0          0          0         96   _printf_char_common.o
        36          4          0          0          0         80   _printf_char_file.o
        42          0          0          0          0         68   _printf_charcount.o
         6          0          0          0          0          0   _printf_d.o
       120         18          0          0          0         92   _printf_dec.o
         6          0          0          0          0          0   _printf_e.o
         6          0          0          0          0          0   _printf_f.o
      1056          0          0          0          0        216   _printf_fp_dec.o
       128         16          0          0          0         84   _printf_fp_infnan.o
         6          0          0          0          0          0   _printf_g.o
       156          6         40          0          0        160   _printf_hex_int_ll_ptr.o
         6          0          0          0          0          0   _printf_i.o
       184          0          0          0          0         88   _printf_intcommon.o
        10          0          0          0          0          0   _printf_l.o
         6          0          0          0          0          0   _printf_lc.o
        10          0          0          0          0          0   _printf_ll.o
         6          0          0          0          0          0   _printf_lld.o
         6          0          0          0          0          0   _printf_lli.o
         6          0          0          0          0          0   _printf_llo.o
         6          0          0          0          0          0   _printf_llu.o
         6          0          0          0          0          0   _printf_llx.o
       120         16          0          0          0         92   _printf_longlong_dec.o
         6          0          0          0          0          0   _printf_ls.o
         6          0          0          0          0          0   _printf_n.o
         6          0          0          0          0          0   _printf_o.o
       120          8          0          0          0        124   _printf_oct_int_ll.o
         6          0          0          0          0          0   _printf_p.o
        82          0          0          0          0        108   _printf_pad.o
         0          0          0          0          0          0   _printf_percent.o
         4          0          0          0          0          0   _printf_percent_end.o
         6          0          0          0          0          0   _printf_s.o
        82          0          0          0          0         80   _printf_str.o
        36          0          0          0          0         84   _printf_truncate.o
         6          0          0          0          0          0   _printf_u.o
        44          0          0          0          0        108   _printf_wchar.o
       188          6          8          0          0         92   _printf_wctomb.o
         6          0          0          0          0          0   _printf_x.o
        10          0          0          0          0         68   _sputc.o
        64          0          0          0          0         92   _wcrtomb.o
       228          6        148          0          0         96   bigflt0.o
      1910        128          0          0          0        672   btod.o
        36          4          0          0          0         76   c89vsprintf.o
        12          0          0          0          0         72   exit.o
         8          0          0          0          0         68   ferror.o
         6          0          0          0          0        152   heapauxi.o
        44         10        272          0          0         76   lc_ctype_c.o
        44         10         28          0          0         76   lc_numeric_c.o
         2          0          0          0          0          0   libinit.o
        30          0          0          0          0          0   libinit2.o
         2          0          0          0          0          0   libshutdown.o
         2          0          0          0          0          0   libshutdown2.o
         8          4          0          0         96         68   libspace.o
       138          0          0          0          0         80   lludiv10.o
        16          4          0          0          0         76   rt_ctype_table.o
         8          4          0          0          0         68   rt_locale_intlibspace.o
         0          0          0          0          0          0   rtentry.o
        12          0          0          0          0          0   rtentry2.o
         6          0          0          0          0          0   rtentry4.o
         2          0          0          0          0          0   rtexit.o
        10          0          0          0          0          0   rtexit2.o
       128          0          0          0          0         68   strcmpv7m.o
        62          0          0          0          0         76   strlen.o
        74          0          0          0          0         80   sys_stackheap_outer.o
         2          0          0          0          0         68   use_no_semi.o
         2          0          0          0          0         68   use_no_semi_2.o
         4          0          0          0          0         68   printf1.o
         0          0          0          0          0          0   usenofp.o
        40          0          0          0          0         68   fpclassify.o

    ----------------------------------------------------------------------
      6160        268        515          0         96       4228   Library Totals
         8          0          2          0          0          0   (incl. Padding)

    ----------------------------------------------------------------------

      Code (inc. data)   RO Data    RW Data    ZI Data      Debug   Library Name

      6108        268        513          0         96       4092   c_w.l
         4          0          0          0          0         68   fz_ws.l
        40          0          0          0          0         68   m_ws.l

    ----------------------------------------------------------------------
      6160        268        515          0         96       4228   Library Totals

    ----------------------------------------------------------------------

==============================================================================


      Code (inc. data)   RO Data    RW Data    ZI Data      Debug   

     20220       1164       1028        352       3384     330536   Grand Totals
     20220       1164       1028        148       3384     330536   ELF Image Totals (compressed)
     20220       1164       1028        148          0          0   ROM Totals

==============================================================================

    Total RO  Size (Code + RO Data)                21248 (  20.75kB)
    Total RW  Size (RW Data + ZI Data)              3736 (   3.65kB)
    Total ROM Size (Code + RO Data + RW Data)      21396 (  20.89kB)

==============================================================================

